// Jest Snapshot v1, https://goo.gl/fbAQLP

exports[`BookmarkPage renders correctly 1`] = `
Array [
  <div>
    (Not found)
  </div>,
  <div
    id="PolarisPortalsContainer"
  />,
]
`;
