// Jest Snapshot v1, https://goo.gl/fbAQLP

exports[`Tag renders correctly 1`] = `
<span
  className="tag"
  onClick={[Function]}
  onMouseEnter={[Function]}
  onMouseLeave={[Function]}
>
  tag1
</span>
`;
