// Jest Snapshot v1, https://goo.gl/fbAQLP

exports[`Filter renders correctly 1`] = `
<span
  className="tag"
  onClick={[Function]}
  onMouseEnter={[Function]}
  onMouseLeave={[Function]}
>
  ❌
</span>
`;
