// Jest Snapshot v1, https://goo.gl/fbAQLP

exports[`BookmarksFilter renders correctly 1`] = `
<span
  className="tag"
  onClick={[Function]}
  onMouseEnter={[Function]}
  onMouseLeave={[Function]}
>
  ‚ùå
</span>
`;
